()
====
3()
====
# command-line-arguments
./main.go:67:13: undefined: b__1
./main.go:72:13: undefined: b__1
./main.go:80:13: undefined: b__1
./main.go:85:13: undefined: b__1
./main.go:91:19: undefined: b__1
./main.go:105:13: undefined: c__4
./main.go:108:13: undefined: c__4
./main.go:114:13: undefined: c__4
./main.go:117:13: undefined: c__4
./main.go:120:37: undefined: c__4
./main.go:120:37: too many errors
