()
====
Nil
Cons(1, Nil)
Cons(1, Cons(2, Cons(3, Nil)))
