()
====
1
2
3
1
2
2

====
# command-line-arguments
./main.go:69:6: Nil redeclared in this block
	./main.go:54:6: other declaration of Nil
./main.go:73:6: Cons redeclared in this block
	./main.go:58:6: other declaration of Cons
./main.go:74:8: undefined: T
./main.go:84:6: Nil redeclared in this block
	./main.go:54:6: other declaration of Nil
./main.go:88:6: Cons redeclared in this block
	./main.go:58:6: other declaration of Cons
./main.go:99:6: Nil redeclared in this block
	./main.go:54:6: other declaration of Nil
./main.go:103:6: Cons redeclared in this block
	./main.go:58:6: other declaration of Cons
./main.go:116:33: cannot use xs__2._1 (variable of interface type List__Int) as List__TParam_T value in variable declaration: List__Int does not implement List__TParam_T (missing method isList__TParam_T)
./main.go:117:33: cannot use x3 (variable of interface type List__TParam_T) as List__Int value in variable declaration: List__TParam_T does not implement List__Int (missing method isList__Int)
./main.go:164:13: cannot use struct{}{} (value of type struct{}) as int value in struct literal
./main.go:164:13: too many errors
