Point { x: 3, y: 4 }
Wrapper[Int] { value: 7 }
Wrapper[Unit] { value: () }
Shape::Dot(Point { x: 3, y: 4 })
Shape::Wrapped(Wrapper[Int] { value: 7 })
Shape::Origin
Shape::Dot(Point { x: 3, y: 4 })
Shape::Wrapped(Wrapper[Unit] { value: () })
Shape::Origin
struct enums!
