Line { from: Point { x: 0, y: 0 }, to: Point { x: 10, y: 10 }, color: Red }
