missing: 
panic: 

goroutine 1 [running]:
main.missing(...)
	${WORKDIR}/main.go:51
main.main0(...)
	${WORKDIR}/main.go:78
main.main()
	${WORKDIR}/main.go:84 +0x65
exit status 2
