Point { x: 0, y: 0}
Point { x: 2, y: 1}
Point { x: 1, y: 0}
Point { x: 0, y: 1}
