Point { x: 3, y: 4 }
Wrapper[int] { value: 7 }
Wrapper[unit] { value: () }
Shape::Dot(Point { x: 3, y: 4 })
Shape::Wrapped(Wrapper[int] { value: 7 })
Shape::Origin
Shape::Dot(Point { x: 3, y: 4 })
Shape::Wrapped(Wrapper[unit] { value: () })
Shape::Origin
struct enums!
