missing: 
panic: 

goroutine 1 [running]:
main.missing(...)
	${WORKDIR}/main.go:5
main.main0(...)
	${WORKDIR}/main.go:32
main.main()
	${WORKDIR}/main.go:38 +0x65
exit status 2
