sum=15
diff=12
prod=24
quot=6
and=false
or=true
not=true
mixed=true
