# command-line-arguments
./main.go:44:13: cannot use ClosureEnv0{â€¦} (value of struct type ClosureEnv0) as func(int) int value in assignment
