Tracker(goml, count: 2, toggled: false)
Value(2)
Pair(2, 7)
Pair(false, true)
Snapshot: total: 7
5 -> 15
true
